[    0.000000] Initializing cgroup subsys cpuset
[    0.000000] Initializing cgroup subsys cpu
[    0.000000] Initializing cgroup subsys cpuacct
[    0.000000] Linux version 4.4.0-161-generic (buildd@lcy01-amd64-018) (gcc version 5.4.0 20160609 (Ubuntu 5.4.0-6ubuntu1~16.04.10) ) #189-Ubuntu SMP Tue Aug 27 08:10:16 UTC 2019 (Ubuntu 4.4.0-161.189-generic 4.4.186)
[    0.000000] Command line: BOOT_IMAGE=/boot/vmlinuz-4.4.0-161-generic root=LABEL=cloudimg-rootfs ro console=tty1 console=ttyS0
[    0.000000] KERNEL supported cpus:
[    0.000000]   Intel GenuineIntel
[    0.000000]   AMD AuthenticAMD
[    0.000000]   Centaur CentaurHauls
[    0.000000] x86/fpu: Legacy x87 FPU detected.
[    0.000000] e820: BIOS-provided physical RAM map:
[    0.000000] BIOS-e820: [mem 0x0000000000000000-0x000000000009fbff] usable
[    0.000000] BIOS-e820: [mem 0x000000000009fc00-0x000000000009ffff] reserved
[    0.000000] BIOS-e820: [mem 0x00000000000f0000-0x00000000000fffff] reserved
[    0.000000] BIOS-e820: [mem 0x0000000000100000-0x000000003ffeffff] usable
[    0.000000] BIOS-e820: [mem 0x000000003fff0000-0x000000003fffffff] ACPI data
[    0.000000] BIOS-e820: [mem 0x00000000fec00000-0x00000000fec00fff] reserved
[    0.000000] BIOS-e820: [mem 0x00000000fee00000-0x00000000fee00fff] reserved
[    0.000000] BIOS-e820: [mem 0x00000000fffc0000-0x00000000ffffffff] reserved
[    0.000000] NX (Execute Disable) protection: active
[    0.000000] SMBIOS 2.5 present.
[    0.000000] Hypervisor detected: KVM
[    0.000000] e820: last_pfn = 0x3fff0 max_arch_pfn = 0x400000000
[    0.000000] MTRR: Disabled
[    0.000000] x86/PAT: MTRRs disabled, skipping PAT initialization too.
[    0.000000] CPU MTRRs all blank - virtualized system.
[    0.000000] x86/PAT: Configuration [0-7]: WB  WT  UC- UC  WB  WT  UC- UC  
[    0.000000] found SMP MP-table at [mem 0x0009fff0-0x0009ffff] mapped at [ffff88000009fff0]
[    0.000000] Scanning 1 areas for low memory corruption
[    0.000000] RAMDISK: [mem 0x362f8000-0x37173fff]
[    0.000000] ACPI: Early table checksum verification disabled
[    0.000000] ACPI: RSDP 0x00000000000E0000 000024 (v02 VBOX  )
[    0.000000] ACPI: XSDT 0x000000003FFF0030 00003C (v01 VBOX   VBOXXSDT 00000001 ASL  00000061)
[    0.000000] ACPI: FACP 0x000000003FFF00F0 0000F4 (v04 VBOX   VBOXFACP 00000001 ASL  00000061)
[    0.000000] ACPI: DSDT 0x000000003FFF0470 0021FF (v02 VBOX   VBOXBIOS 00000002 INTL 20160108)
[    0.000000] ACPI: FACS 0x000000003FFF0200 000040
[    0.000000] ACPI: FACS 0x000000003FFF0200 000040
[    0.000000] ACPI: APIC 0x000000003FFF0240 00005C (v02 VBOX   VBOXAPIC 00000001 ASL  00000061)
[    0.000000] ACPI: SSDT 0x000000003FFF02A0 0001CC (v01 VBOX   VBOXCPUT 00000002 INTL 20160108)
[    0.000000] No NUMA configuration found
[    0.000000] Faking a node at [mem 0x0000000000000000-0x000000003ffeffff]
[    0.000000] NODE_DATA(0) allocated [mem 0x3ffeb000-0x3ffeffff]
[    0.000000] kvm-clock: Using msrs 4b564d01 and 4b564d00
[    0.000000] kvm-clock: cpu 0, msr 0:3ffe3001, primary cpu clock
[    0.000000] kvm-clock: using sched offset of 4327441419 cycles
[    0.000000] clocksource: kvm-clock: mask: 0xffffffffffffffff max_cycles: 0x1cd42e4dffb, max_idle_ns: 881590591483 ns
[    0.000000] Zone ranges:
[    0.000000]   DMA      [mem 0x0000000000001000-0x0000000000ffffff]
[    0.000000]   DMA32    [mem 0x0000000001000000-0x000000003ffeffff]
[    0.000000]   Normal   empty
[    0.000000]   Device   empty
[    0.000000] Movable zone start for each node
[    0.000000] Early memory node ranges
[    0.000000]   node   0: [mem 0x0000000000001000-0x000000000009efff]
[    0.000000]   node   0: [mem 0x0000000000100000-0x000000003ffeffff]
[    0.000000] Initmem setup node 0 [mem 0x0000000000001000-0x000000003ffeffff]
[    0.000000] ACPI: PM-Timer IO Port: 0x4008
[    0.000000] IOAPIC[0]: apic_id 2, version 32, address 0xfec00000, GSI 0-23
[    0.000000] ACPI: INT_SRC_OVR (bus 0 bus_irq 0 global_irq 2 dfl dfl)
[    0.000000] ACPI: INT_SRC_OVR (bus 0 bus_irq 9 global_irq 9 high level)
[    0.000000] Using ACPI (MADT) for SMP configuration information
[    0.000000] smpboot: Allowing 2 CPUs, 0 hotplug CPUs
[    0.000000] PM: Registered nosave memory: [mem 0x00000000-0x00000fff]
[    0.000000] PM: Registered nosave memory: [mem 0x0009f000-0x0009ffff]
[    0.000000] PM: Registered nosave memory: [mem 0x000a0000-0x000effff]
[    0.000000] PM: Registered nosave memory: [mem 0x000f0000-0x000fffff]
[    0.000000] e820: [mem 0x40000000-0xfebfffff] available for PCI devices
[    0.000000] Booting paravirtualized kernel on KVM
[    0.000000] clocksource: refined-jiffies: mask: 0xffffffff max_cycles: 0xffffffff, max_idle_ns: 7645519600211568 ns
[    0.000000] setup_percpu: NR_CPUS:512 nr_cpumask_bits:512 nr_cpu_ids:2 nr_node_ids:1
[    0.000000] PERCPU: Embedded 34 pages/cpu @ffff88003fc00000 s99544 r8192 d31528 u1048576
[    0.000000] Built 1 zonelists in Node order, mobility grouping on.  Total pages: 257912
[    0.000000] Policy zone: DMA32
[    0.000000] Kernel command line: BOOT_IMAGE=/boot/vmlinuz-4.4.0-161-generic root=LABEL=cloudimg-rootfs ro console=tty1 console=ttyS0
[    0.000000] PID hash table entries: 4096 (order: 3, 32768 bytes)
[    0.000000] Memory: 997724K/1048120K available (8622K kernel code, 1335K rwdata, 4032K rodata, 1488K init, 1284K bss, 50396K reserved, 0K cma-reserved)
[    0.000000] SLUB: HWalign=64, Order=0-3, MinObjects=0, CPUs=2, Nodes=1
[    0.000000] Kernel/User page tables isolation: enabled
[    0.000000] Hierarchical RCU implementation.
[    0.000000] 	Build-time adjustment of leaf fanout to 64.
[    0.000000] 	RCU restricting CPUs from NR_CPUS=512 to nr_cpu_ids=2.
[    0.000000] RCU: Adjusting geometry for rcu_fanout_leaf=64, nr_cpu_ids=2
[    0.000000] NR_IRQS:33024 nr_irqs:440 16
[    0.000000] Console: colour VGA+ 80x25
[    0.000000] console [tty1] enabled
[    0.000000] console [ttyS0] enabled
[    0.000000] tsc: Detected 2165.798 MHz processor
[    1.399266] Calibrating delay loop (skipped) preset value.. 4331.59 BogoMIPS (lpj=8663192)
[    1.404348] pid_max: default: 32768 minimum: 301
[    1.408102] ACPI: Core revision 20150930
[    1.415148] ACPI: 2 ACPI AML tables successfully acquired and loaded
[    1.450838] Security Framework initialized
[    1.455404] Yama: becoming mindful.
[    1.457601] AppArmor: AppArmor initialized
[    1.460087] Dentry cache hash table entries: 131072 (order: 8, 1048576 bytes)
[    1.474233] Inode-cache hash table entries: 65536 (order: 7, 524288 bytes)
[    1.489788] Mount-cache hash table entries: 2048 (order: 2, 16384 bytes)
[    1.508136] Mountpoint-cache hash table entries: 2048 (order: 2, 16384 bytes)
[    1.514292] Initializing cgroup subsys io
[    1.527883] Initializing cgroup subsys memory
[    1.532609] Initializing cgroup subsys devices
[    1.552747] Initializing cgroup subsys freezer
[    1.563984] Initializing cgroup subsys net_cls
[    1.567639] Initializing cgroup subsys perf_event
[    1.570330] Initializing cgroup subsys net_prio
[    1.581797] Initializing cgroup subsys hugetlb
[    1.594469] Initializing cgroup subsys pids
[    1.612419] mce: CPU supports 0 MCE banks
[    1.615955] Last level iTLB entries: 4KB 48, 2MB 0, 4MB 0
[    1.628075] Last level dTLB entries: 4KB 128, 2MB 16, 4MB 16, 1GB 0
[    1.635103] Spectre V1 : Mitigation: usercopy/swapgs barriers and __user pointer sanitization
[    1.650443] Spectre V2 : Mitigation: Full generic retpoline
[    1.664072] Spectre V2 : Spectre v2 / SpectreRSB mitigation: Filling RSB on context switch
[    1.674288] MDS: Vulnerable: Clear CPU buffers attempted, no microcode
[    1.689146] Freeing SMP alternatives memory: 36K
[    1.710395] ftrace: allocating 32318 entries in 127 pages
[    1.831966] smpboot: APIC(0) Converting physical 0 to logical package 0
[    1.836664] smpboot: Max logical packages: 1
[    1.841009] x2apic enabled
[    1.855062] Switched APIC routing to physical x2apic.
[    1.860788] ..TIMER: vector=0x30 apic1=0 pin1=2 apic2=-1 pin2=-1
[    1.981804] smpboot: CPU0: Intel(R) Celeron(R) CPU  N2840  @ 2.16GHz (family: 0x6, model: 0x37, stepping: 0x8)
[    2.004750] Performance Events: unsupported p6 CPU model 55 no PMU driver, software events only.
[    2.055652] KVM setup paravirtual spinlock
[    2.068151] x86: Booting SMP configuration:
[    2.071796] .... node  #0, CPUs:      #1
[    2.078088] kvm-clock: cpu 1, msr 0:3ffe3041, secondary cpu clock
[    2.097964] mce: CPU supports 0 MCE banks
[    2.102867] x86: Booted up 1 node, 2 CPUs
[    2.115777] smpboot: Total of 2 processors activated (8663.19 BogoMIPS)
[    2.132924] devtmpfs: initialized
[    2.142548] evm: security.selinux
[    2.147395] evm: security.SMACK64
[    2.149461] evm: security.SMACK64EXEC
[    2.158114] evm: security.SMACK64TRANSMUTE
[    2.166759] evm: security.SMACK64MMAP
[    2.171118] evm: security.ima
[    2.173054] evm: security.capability
[    2.175694] clocksource: jiffies: mask: 0xffffffff max_cycles: 0xffffffff, max_idle_ns: 7645041785100000 ns
[    2.188112] futex hash table entries: 512 (order: 3, 32768 bytes)
[    2.198051] pinctrl core: initialized pinctrl subsystem
[    2.215182] RTC time: 10:26:36, date: 09/16/19
[    2.218171] NET: Registered protocol family 16
[    2.237300] cpuidle: using governor ladder
[    2.253411] cpuidle: using governor menu
[    2.258912] PCCT header not found.
[    2.271309] ACPI: bus type PCI registered
[    2.293181] acpiphp: ACPI Hot Plug PCI Controller Driver version: 0.5
[    2.305523] PCI: Using configuration type 1 for base access
[    2.327278] ACPI: Added _OSI(Module Device)
[    2.349936] ACPI: Added _OSI(Processor Device)
[    2.364415] ACPI: Added _OSI(3.0 _SCP Extensions)
[    2.374636] ACPI: Added _OSI(Processor Aggregator Device)
[    2.384238] ACPI: Executed 1 blocks of module-level executable AML code
[    2.420252] ACPI: Interpreter enabled
[    2.427640] ACPI: (supports S0 S5)
[    2.435249] ACPI: Using IOAPIC for interrupt routing
[    2.446937] PCI: Using host bridge windows from ACPI; if necessary, use "pci=nocrs" and report a bug
[    2.497716] ACPI: PCI Root Bridge [PCI0] (domain 0000 [bus 00-ff])
[    2.506555] acpi PNP0A03:00: _OSC: OS supports [ASPM ClockPM Segments MSI]
[    2.537369] acpi PNP0A03:00: _OSC: not requesting OS control; OS requires [ExtendedConfig ASPM ClockPM MSI]
[    2.585544] acpi PNP0A03:00: fail to add MMCONFIG information, can't access extended PCI configuration space under this bridge.
[    2.620877] PCI host bridge to bus 0000:00
[    2.655273] pci_bus 0000:00: root bus resource [io  0x0000-0x0cf7 window]
[    2.676580] pci_bus 0000:00: root bus resource [io  0x0d00-0xffff window]
[    2.700544] pci_bus 0000:00: root bus resource [mem 0x000a0000-0x000bffff window]
[    2.722280] pci_bus 0000:00: root bus resource [mem 0x40000000-0xffdfffff window]
[    2.742529] pci_bus 0000:00: root bus resource [bus 00-ff]
[    2.753908] pci 0000:00:01.1: legacy IDE quirk: reg 0x10: [io  0x01f0-0x01f7]
[    2.759870] pci 0000:00:01.1: legacy IDE quirk: reg 0x14: [io  0x03f6]
[    2.769686] pci 0000:00:01.1: legacy IDE quirk: reg 0x18: [io  0x0170-0x0177]
[    2.786184] pci 0000:00:01.1: legacy IDE quirk: reg 0x1c: [io  0x0376]
[    2.855109] pci 0000:00:07.0: quirk: [io  0x4000-0x403f] claimed by PIIX4 ACPI
[    2.862841] pci 0000:00:07.0: quirk: [io  0x4100-0x410f] claimed by PIIX4 SMB
[    2.907013] ACPI: PCI Interrupt Link [LNKA] (IRQs 5 9 10 *11)
[    2.914314] ACPI: PCI Interrupt Link [LNKB] (IRQs 5 9 10 *11)
[    2.921371] ACPI: PCI Interrupt Link [LNKC] (IRQs 5 9 *10 11)
[    2.925743] ACPI: PCI Interrupt Link [LNKD] (IRQs 5 *9 10 11)
[    2.963234] ACPI: Enabled 2 GPEs in block 00 to 07
[    2.980010] vgaarb: setting as boot device: PCI:0000:00:02.0
[    2.984476] vgaarb: device added: PCI:0000:00:02.0,decodes=io+mem,owns=io+mem,locks=none
[    2.989122] vgaarb: loaded
[    2.994326] vgaarb: bridge control possible 0000:00:02.0
[    2.998948] SCSI subsystem initialized
[    3.003846] ACPI: bus type USB registered
[    3.051692] usbcore: registered new interface driver usbfs
[    3.057994] usbcore: registered new interface driver hub
[    3.063704] usbcore: registered new device driver usb
[    3.073839] PCI: Using ACPI for IRQ routing
[    3.078177] NetLabel: Initializing
[    3.092990] NetLabel:  domain hash size = 128
[    3.102022] NetLabel:  protocols = UNLABELED CIPSOv4
[    3.110040] NetLabel:  unlabeled traffic allowed by default
[    3.118700] amd_nb: Cannot enumerate AMD northbridges
[    3.129073] clocksource: Switched to clocksource kvm-clock
[    3.156124] AppArmor: AppArmor Filesystem Enabled
[    3.183219] pnp: PnP ACPI init
[    3.187137] pnp: PnP ACPI: found 3 devices
[    3.207894] clocksource: acpi_pm: mask: 0xffffff max_cycles: 0xffffff, max_idle_ns: 2085701024 ns
[    3.216250] NET: Registered protocol family 2
[    3.228486] TCP established hash table entries: 8192 (order: 4, 65536 bytes)
[    3.248797] TCP bind hash table entries: 8192 (order: 5, 131072 bytes)
[    3.257679] TCP: Hash tables configured (established 8192 bind 8192)
[    3.267562] UDP hash table entries: 512 (order: 2, 16384 bytes)
[    3.287284] UDP-Lite hash table entries: 512 (order: 2, 16384 bytes)
[    3.297473] NET: Registered protocol family 1
[    3.312249] pci 0000:00:00.0: Limiting direct PCI/PCI transfers
[    3.315458] pci 0000:00:01.0: Activating ISA DMA hang workarounds
[    3.338435] Unpacking initramfs...
[    3.782666] Freeing initrd memory: 14832K
[    3.787598] clocksource: tsc: mask: 0xffffffffffffffff max_cycles: 0x1f37fda67db, max_idle_ns: 440795312718 ns
[    3.797490] platform rtc_cmos: registered platform RTC device (no PNP device found)
[    3.805149] Scanning for low memory corruption every 60 seconds
[    3.819960] audit: initializing netlink subsys (disabled)
[    3.825858] audit: type=2000 audit(1568629601.752:1): initialized
[    3.833921] Initialise system trusted keyring
[    3.843069] HugeTLB registered 2 MB page size, pre-allocated 0 pages
[    3.879672] zbud: loaded
[    3.889387] VFS: Disk quotas dquot_6.6.0
[    3.894299] VFS: Dquot-cache hash table entries: 512 (order 0, 4096 bytes)
[    3.917227] squashfs: version 4.0 (2009/01/31) Phillip Lougher
[    3.939667] fuse init (API version 7.23)
[    3.946058] Key type big_key registered
[    3.971754] Allocating IMA MOK and blacklist keyrings.
[    4.045151] Key type asymmetric registered
[    4.122617] Asymmetric key parser 'x509' registered
[    4.125413] Block layer SCSI generic (bsg) driver version 0.4 loaded (major 249)
[    4.151080] io scheduler noop registered
[    4.312538] io scheduler deadline registered (default)
[    4.363067] io scheduler cfq registered
[    4.413097] pci_hotplug: PCI Hot Plug PCI Core version: 0.5
[    4.502751] pciehp: PCI Express Hot Plug Controller Driver version: 0.4
[    4.583108] ACPI: AC Adapter [AC] (on-line)
[    4.603379] input: Power Button as /devices/LNXSYSTM:00/LNXPWRBN:00/input/input0
[    4.643949] ACPI: Power Button [PWRF]
[    4.653432] input: Sleep Button as /devices/LNXSYSTM:00/LNXSLPBN:00/input/input1
[    4.665760] ACPI: Sleep Button [SLPF]
[    4.754727] ACPI: Battery Slot [BAT0] (battery present)
[    4.762814] GHES: HEST is not enabled!
[    4.773038] Serial: 8250/16550 driver, 32 ports, IRQ sharing enabled
[    4.819568] 00:02: ttyS0 at I/O 0x3f8 (irq = 4, base_baud = 115200) is a 16550A
[    4.847538] Linux agpgart interface v0.103
[    5.120725] loop: module loaded
[    5.138873] scsi host0: ata_piix
[    5.148883] scsi host1: ata_piix
[    5.170239] ata1: PATA max UDMA/33 cmd 0x1f0 ctl 0x3f6 bmdma 0xd000 irq 14
[    5.219628] ata2: PATA max UDMA/33 cmd 0x170 ctl 0x376 bmdma 0xd008 irq 15
[    5.309027] libphy: Fixed MDIO Bus: probed
[    5.373557] tun: Universal TUN/TAP device driver, 1.6
[    5.383962] tun: (C) 1999-2004 Max Krasnyansky <maxk@qualcomm.com>
[    5.404456] PPP generic driver version 2.4.2
[    5.408431] ehci_hcd: USB 2.0 'Enhanced' Host Controller (EHCI) Driver
[    5.922720] ehci-pci: EHCI PCI platform driver
[    5.951888] ehci-platform: EHCI generic platform driver
[    6.052814] ohci_hcd: USB 1.1 'Open' Host Controller (OHCI) Driver
[    6.133009] ohci-pci: OHCI PCI platform driver
[    6.212860] ohci-platform: OHCI generic platform driver
[    6.312947] uhci_hcd: USB Universal Host Controller Interface driver
[    6.386372] i8042: PNP: PS/2 Controller [PNP0303:PS2K,PNP0f03:PS2M] at 0x60,0x64 irq 1,12
[    6.444019] serio: i8042 KBD port at 0x60,0x64 irq 1
[    6.480500] serio: i8042 AUX port at 0x60,0x64 irq 12
[    6.513561] mousedev: PS/2 mouse device common for all mice
[    6.526885] input: AT Translated Set 2 keyboard as /devices/platform/i8042/serio0/input/input2
[    6.553280] rtc_cmos rtc_cmos: rtc core: registered rtc_cmos as rtc0
[    6.561747] rtc_cmos rtc_cmos: alarms up to one day, 114 bytes nvram
[    6.580520] i2c /dev entries driver
[    6.585126] device-mapper: uevent: version 1.0.3
[    6.608210] device-mapper: ioctl: 4.34.0-ioctl (2015-10-28) initialised: dm-devel@redhat.com
[    6.629072] ledtrig-cpu: registered to indicate activity on CPUs
[    6.638639] NET: Registered protocol family 10
[    6.660489] NET: Registered protocol family 17
[    6.665313] Key type dns_resolver registered
[    6.672905] registered taskstats version 1
[    6.676469] Loading compiled-in X.509 certificates
[    6.706480] Loaded X.509 cert 'Build time autogenerated kernel key: bdcb03bd89688fd1ecb3c1b37e77d69239145881'
[    6.731978] zswap: loaded using pool lzo/zbud
[    6.756972] Key type trusted registered
[    6.775667] Key type encrypted registered
[    6.791258] AppArmor: AppArmor sha1 policy hashing enabled
[    6.819907] ima: No TPM chip found, activating TPM-bypass!
[    6.836347] ima: Allocated hash algorithm: sha1
[    6.844313] evm: HMAC attrs: 0x1
[    6.852469]   Magic number: 3:654:426
[    6.863737] rtc_cmos rtc_cmos: setting system clock to 2019-09-16 10:26:41 UTC (1568629601)
[    6.904676] BIOS EDD facility v0.16 2004-Jun-25, 0 devices found
[    6.923779] EDD information not available.
[    6.946513] Freeing unused kernel memory: 1488K
[    6.969156] Write protecting the kernel read-only data: 14336k
[    6.990704] Freeing unused kernel memory: 1608K
[    7.005137] Freeing unused kernel memory: 64K
Loading, please wait...
starting version 229
[    7.053393] random: systemd-udevd: uninitialized urandom read (16 bytes read, 3 bits of entropy available)
[    7.054284] random: udevadm: uninitialized urandom read (16 bytes read, 3 bits of entropy available)
[    7.054354] random: udevadm: uninitialized urandom read (16 bytes read, 3 bits of entropy available)
[    7.080489] random: systemd-udevd: uninitialized urandom read (16 bytes read, 3 bits of entropy available)
[    7.090516] random: systemd-udevd: uninitialized urandom read (16 bytes read, 3 bits of entropy available)
[    7.091595] random: udevadm: uninitialized urandom read (16 bytes read, 3 bits of entropy available)
[    7.091740] random: udevadm: uninitialized urandom read (16 bytes read, 3 bits of entropy available)
[    7.092303] random: udevadm: uninitialized urandom read (16 bytes read, 3 bits of entropy available)
[    7.092677] random: udevadm: uninitialized urandom read (16 bytes read, 3 bits of entropy available)
[    7.092947] random: udevadm: uninitialized urandom read (16 bytes read, 3 bits of entropy available)
[    7.268313] e1000: Intel(R) PRO/1000 Network Driver - version 7.3.21-k8-NAPI
[    7.274576] e1000: Copyright (c) 1999-2006 Intel Corporation.
[    7.284952] Fusion MPT base driver 3.04.20
[    7.289041] Copyright (c) 1999-2008 LSI Corporation
[    7.305840] Fusion MPT SPI Host driver 3.04.20
[    7.516207] input: ImExPS/2 Generic Explorer Mouse as /devices/platform/i8042/serio1/input/input4
[    7.830772] e1000 0000:00:03.0 eth0: (PCI:33MHz:32-bit) 02:aa:bd:5c:10:16
[    7.836542] e1000 0000:00:03.0 eth0: Intel(R) PRO/1000 Network Connection
[    7.849573] mptbase: ioc0: Initiating bringup
[    7.927489] ioc0: LSI53C1030 A0: Capabilities={Initiator}
[    8.105679] scsi host2: ioc0: LSI53C1030 A0, FwRev=00000000h, Ports=1, MaxQ=256, IRQ=20
[    8.241138] scsi 2:0:0:0: Direct-Access     VBOX     HARDDISK         1.0  PQ: 0 ANSI: 5
[    8.252342] scsi target2:0:0: Beginning Domain Validation
[    8.276875] scsi target2:0:0: Domain Validation skipping write tests
[    8.290386] scsi target2:0:0: Ending Domain Validation
[    8.297346] scsi target2:0:0: asynchronous
[    8.309442] scsi 2:0:1:0: Direct-Access     VBOX     HARDDISK         1.0  PQ: 0 ANSI: 5
[    8.322137] scsi target2:0:1: Beginning Domain Validation
[    8.334983] scsi target2:0:1: Domain Validation skipping write tests
[    8.344527] scsi target2:0:1: Ending Domain Validation
[    8.358073] scsi target2:0:1: asynchronous
[    8.387909] sd 2:0:0:0: Attached scsi generic sg0 type 0
[    8.403477] sd 2:0:0:0: [sda] 20971520 512-byte logical blocks: (10.7 GB/10.0 GiB)
[    8.419014] sd 2:0:0:0: [sda] Write Protect is off
[    8.428318] sd 2:0:1:0: Attached scsi generic sg1 type 0
[    8.435996] sd 2:0:1:0: [sdb] 20480 512-byte logical blocks: (10.5 MB/10.0 MiB)
[    8.444141] sd 2:0:1:0: [sdb] Write Protect is off
[    8.451653] sd 2:0:1:0: [sdb] Incomplete mode parameter data
[    8.451656] sd 2:0:1:0: [sdb] Assuming drive cache: write through
[    8.530937] sd 2:0:0:0: [sda] Incomplete mode parameter data
[    8.549076] sd 2:0:0:0: [sda] Assuming drive cache: write through
[    8.565867] sd 2:0:1:0: [sdb] Attached SCSI disk
[    8.579559]  sda: sda1
[    8.590268] sd 2:0:0:0: [sda] Attached SCSI disk
[    8.821558] e1000 0000:00:08.0 eth1: (PCI:33MHz:32-bit) 08:00:27:bc:7b:c5
[    8.840601] e1000 0000:00:08.0 eth1: Intel(R) PRO/1000 Network Connection
[    8.855600] e1000 0000:00:08.0 enp0s8: renamed from eth1
[    8.895780] e1000 0000:00:03.0 enp0s3: renamed from eth0
Begin: Loading e[   10.987823] md: linear personality registered for level -1
ssential drivers ... [   11.011872] md: multipath personality registered for level -4
[   11.038978] md: raid0 personality registered for level 0
[   11.095281] md: raid1 personality registered for level 1
[   11.211491] raid6: sse2x1   gen()   700 MB/s
[   11.421601] raid6: sse2x1   xor()  2244 MB/s
[   11.501584] raid6: sse2x2   gen()   653 MB/s
[   11.581263] raid6: sse2x2   xor()  2614 MB/s
[   11.861574] raid6: sse2x4   gen()   958 MB/s
[   11.969411] raid6: sse2x4   xor()  1031 MB/s
[   11.991651] raid6: using algorithm sse2x4 gen() 958 MB/s
[   12.122676] raid6: .... xor() 1031 MB/s, rmw enabled
[   12.166209] raid6: using ssse3x2 recovery algorithm
[   12.191527] xor: measuring software checksum speed
[   12.241157]    prefetch64-sse:  3597.000 MB/sec
[   12.300927]    generic_sse: 12063.000 MB/sec
[   12.315938] xor: using function: generic_sse (12063.000 MB/sec)
[   12.332425] async_tx: api initialized (async)
[   12.367644] md: raid6 personality registered for level 6
[   12.384202] md: raid5 personality registered for level 5
[   12.393280] md: raid4 personality registered for level 4
[   12.417840] md: raid10 personality registered for level 10
done.
Begin: Running /scripts/init-premount ... done.
Begin: Mounting root file system ... Begin: Running /scripts/local-top ... done.
Begin: Running /scripts/local-premount ... [   12.520132] Btrfs loaded
Scanning for Btrfs filesystems
done.
Warning: fsck no[   12.639236] EXT4-fs (sda1): mounted filesystem with ordered data mode. Opts: (null)
t present, so skipping root file system
done.
Begin: Running /scripts/local-bottom ... done.
Begin: Running /scripts/init-bottom ... done.
[   13.086709] systemd[1]: systemd 229 running in system mode. (+PAM +AUDIT +SELINUX +IMA +APPARMOR +SMACK +SYSVINIT +UTMP +LIBCRYPTSETUP +GCRYPT +GNUTLS +ACL +XZ -LZ4 +SECCOMP +BLKID +ELFUTILS +KMOD -IDN)
[   13.165269] systemd[1]: Detected virtualization oracle.
[   13.202758] systemd[1]: Detected architecture x86-64.

Welcome to [1mUbuntu 16.04.6 LTS[0m!

[   13.244634] systemd[1]: Set hostname to <ubuntu>.
[   13.289713] systemd[1]: Initializing machine ID from random generator.
[   13.294909] systemd[1]: Installed transient /etc/machine-id file.
[   13.761833] systemd[1]: Listening on LVM2 poll daemon socket.
[[0;32m  OK  [0m] Listening on LVM2 poll daemon socket.
[   13.809664] systemd[1]: Reached target System Time Synchronized.
[[0;32m  OK  [0m] Reached target System Time Synchronized.
[   13.833895] systemd[1]: Started Trigger resolvconf update for networkd DNS.
[[0;32m  OK  [0m] Started Trigger resolvconf update for networkd DNS.
[   13.900059] systemd[1]: Listening on Device-mapper event daemon FIFOs.
[[0;32m  OK  [0m] Listening on Device-mapper event daemon FIFOs.
[   13.944668] systemd[1]: Reached target Encrypted Volumes.
[[0;32m  OK  [0m] Reached target Encrypted Volumes.
[   14.025706] systemd[1]: Listening on /dev/initctl Compatibility Named Pipe.
[[0;32m  OK  [0m] Listening on /dev/initctl Compatibility Named Pipe.
[   14.072825] systemd[1]: Started Forward Password Requests to Wall Directory Watch.
[[0;32m  OK  [0m] Started Forward Password Requests to Wall Directory Watch.
[   14.097345] systemd[1]: Listening on Journal Socket.
[[0;32m  OK  [0m] Listening on Journal Socket.
[   14.116622] systemd[1]: Set up automount Arbitrary Executable File Formats File System Automount Point.
[[0;32m  OK  [0m] Set up automount Arbitrary Executab...ats File System Automount Point.
[   14.137576] systemd[1]: Reached target Swap.
[[0;32m  OK  [0m] Reached target Swap.
[   14.190118] systemd[1]: Listening on udev Control Socket.
[[0;32m  OK  [0m] Listening on udev Control Socket.
[   14.242577] systemd[1]: Listening on udev Kernel Socket.
[[0;32m  OK  [0m] Listening on udev Kernel Socket.
[   14.309462] systemd[1]: Created slice User and Session Slice.
[[0;32m  OK  [0m] Created slice User and Session Slice.
[   14.362132] systemd[1]: Listening on Syslog Socket.
[[0;32m  OK  [0m] Listening on Syslog Socket.
[   14.405800] systemd[1]: Created slice System Slice.
[[0;32m  OK  [0m] Created slice System Slice.
[   14.461572] systemd[1]: Mounting POSIX Message Queue File System...
         Mounting POSIX Message Queue File System...
[   14.497605] systemd[1]: Mounting Huge Pages File System...
         Mounting Huge Pages File System...
[   14.523675] systemd[1]: Starting Nameserver information manager...
         Starting Nameserver information manager...
[   14.561532] systemd[1]: Mounting Debug File System...
         Mounting Debug File System...
[   14.584503] systemd[1]: Starting Create list of required static device nodes for the current kernel...
         Starting Create list of required st... nodes for the current kernel...
[   14.645662] systemd[1]: Starting Load Kernel Modules...
         Starting Load Kernel Mo[   14.674679] Loading iSCSI transport class v2.0-870.
dules...
[   14.682923] random: nonblocking pool is initialized
[   14.684008] systemd[1]: Starting Remount Root and Kernel File Systems...
         Startin[   14.713323] EXT4-fs (sda1): re-mounted. Opts: (null)
g Remount Root a[   14.722651] iscsi: registered transport (tcp)
nd Kernel File Systems...
[   14.750584] systemd[1]: Starting Uncomplicated firewall...
         Starting Uncomplicated firewall...
[   14.766312] systemd[1]: Listening on LVM2 metadata daemon socket.
[[0;32m  OK  [0m] Listening on LVM2 metadata daemon socket.
[   14.781467] systemd[1]: Starting Monitoring of LVM2 mirrors, snapshots etc. using dmeventd or progress polling...
         Starting Monitoring of LVM2 mirrors... dmeventd or progress polling...
[   14.837666] systemd[1]: Starting Set console keymap...
[   14.843275] iscsi: registered transport (iser)
         Starting Set console keymap...
[   14.871583] systemd[1]: Created slice system-serial\x2dgetty.slice.
[[0;32m  OK  [0m] Created slice system-serial\x2dgetty.slice.
[   14.899682] systemd[1]: Listening on Journal Socket (/dev/log).
[[0;32m  OK  [0m] Listening on Journal Socket (/dev/log).
[   14.911661] systemd[1]: Reached target User and Group Name Lookups.
[[0;32m  OK  [0m] Reached target User and Group Name Lookups.
[   14.923728] systemd[1]: Reached target Slices.
[[0;32m  OK  [0m] Reached target Slices.
[   14.933271] systemd[1]: Listening on Journal Audit Socket.
[[0;32m  OK  [0m] Listening on Journal Audit Socket.
[   14.971862] systemd[1]: Starting Journal Service...
         Starting Journal Service...
[   14.995468] systemd[1]: Mounted Debug File System.
[[0;32m  OK  [0m] Mounted Debug File System.
[   15.009742] systemd[1]: Mounted Huge Pages File System.
[[0;32m  OK  [0m] Mounted Huge Pages File System.
[   15.027596] systemd[1]: Mounted POSIX Message Queue File System.
[[0;32m  OK  [0m] Mounted POSIX Message Queue File System.
[   15.063970] systemd[1]: Started Create list of required static device nodes for the current kernel.
[[0;32m  OK  [0m] Started Create list of required sta...ce nodes for the current kernel.
[   15.093464] systemd[1]: Started Load Kernel Modules.
[[0;32m  OK  [0m] Started Load Kernel Modules.
[   15.116356] systemd[1]: Started Remount Root and Kernel File Systems.
[[0;32m  OK  [0m] Started Remount Root and Kernel File Systems.
[   15.143188] systemd[1]: Started Uncomplicated firewall.
[[0;32m  OK  [0m] Started Uncomplicated firewall.
[   15.214105] systemd[1]: Started Set console keymap.
[[0;32m  OK  [0m] Started Set console keymap.
[   15.254160] systemd[1]: Started Nameserver information manager.
[[0;32m  OK  [0m] Started Nameserver information manager.
[   15.344133] systemd[1]: Started Journal Service.
[[0;32m  OK  [0m] Started Journal Service.
[[0;32m  OK  [0m] Started LVM2 metadata daemon.
         Starting udev Coldplug all Devices...
         Starting Flush Journal to Persistent Storage...
         Starting Load/Save Random Seed...
         Mounting FUSE Control File System...
         Starting Apply Kernel Variables...
         Starting Create Static Device Nodes in /dev...
[[0;32m  OK  [0m] Mounted FUSE Control File System.
[[0;32m  OK  [0m] Started Load/Save Random Seed.
[[0;32m  OK  [0m] Started Monitoring of LVM2 mirrors,...ng dmeventd or progress polling.
[[0;32m  OK  [0m] Started Apply Kernel Variables.
[[0;32m  OK  [0m] Started Create Static Device Nodes in /dev.
[[0;32m  OK  [0m] Started udev Coldplug all Devices.
[[0;32m  OK  [0m] Started Flush Journal to Persistent Storage.
         Starting udev Kernel Device Manager...
[[0;32m  OK  [0m] Reached target Local File Systems (Pre).
[[0;32m  OK  [0m] Reached target Local File Systems.
         Starting Set console font and keymap...
         Starting Create Volatile Files and Directories...
         Starting Commit a transient machine-id on disk...
         Starting Initial cloud-init job (pre-networking)...
         Starting LSB: AppArmor initialization...
         Starting Tell Plymouth To Write Out Runtime Data...
[[0;32m  OK  [0m] Started udev Kernel Device Manager.
[[0;32m  OK  [0m] Started Create Volatile Files and Directories.
[[0;32m  OK  [0m] Started Commit a transient machine-id on disk.
[[0;32m  OK  [0m] Started Tell Plymouth To Write Out Runtime Data.
         Starting Update UTMP about System Boot/Shutdown...
[[0;32m  OK  [0m] Started Dispatch Password Requests to Console Directory Watch.
[[0;32m  OK  [0m] Started Update UTMP about System Boot/Shutdown.
[[0;32m  OK  [0m] Found device /dev/ttyS0.
[[0;32m  OK  [0m] Listening on Load/Save RF Kill Switch Status /dev/rfkill Watch.
[   19.172402] [[0;32m  OK  [0m] Started Initial cloud-init job (pre-networking).
cloud-init[494]: Cloud-init v. 19.1-1-gbaa47854-0ubuntu1~16.04.1 running 'init-local' at Mon, 16 Sep 2019 10:26:54 +0000. Up 17.51 seconds.
[[0;32m  OK  [0m] Reached target Network (Pre).
[[0;32m  OK  [0m] Started LSB: AppArmor initialization.
         Starting Raise network interfaces...
[[0;32m  OK  [0m] Started Set console font and keymap.
[[0;32m  OK  [0m] Created slice system-getty.slice.
[[0;32m  OK  [0m] Started Raise network interfaces.
         Starting Initial cloud-init job (metadata service crawler)...
[[0;32m  OK  [0m] Reached target Network.
[   24.704465] cloud-init[967]: Cloud-init v. 19.1-1-gbaa47854-0ubuntu1~16.04.1 running 'init' at Mon, 16 Sep 2019 10:26:59 +0000. Up 22.73 seconds.
[   24.734874] cloud-init[967]: ci-info: ++++++++++++++++++++++++++++++++++++++Net device info+++++++++++++++++++++++++++++++++++++++
[   24.768433] cloud-init[967]: ci-info: +--------+-------+----------------------------+---------------+--------+-------------------+
[   24.793951] cloud-init[967]: ci-info: | Device |   Up  |          Address           |      Mask     | Scope  |     Hw-Address    |
[   24.832639] cloud-init[967]: ci-info: +--------+-------+----------------------------+---------------+--------+-------------------+
[   24.876923] cloud-init[967]: ci-info: | enp0s3 |  True |         10.0.2.15          | 255.255.255.0 | global | 02:aa:bd:5c:10:16 |
[   24.909149] cloud-init[[0;32m  OK  [0m] Started Initial cloud-init job (metadata service crawler).[967]: ci-info: | enp0s3 |  True | fe80::aa:bdff:fe5c:1016/64 |       .       |  link  | 02:aa:bd:5c:10:16 |

[[0;32m  OK  [0m] Reached target Network is Online.
[   24.947142] cloud-init[967]: ci-info: | enp0s8 | False |             .              |       .       |   .    | 08:00:27:bc:7b:c5 |
[   24.971361] cloud-init[967]: ci-info: |   lo   |  True |         127.0.0.1          |   255.0.0.0   |  host  |         .         |
[   24.994960] cloud-init[967]: ci-info: |   lo   |  True |          ::1/128           |       .       |  host  |         .         |
[   25.005446] cloud-init[967]: ci-info: +--------+-------+----------------------------+---------------+--------+-------------------+
[   25.013356] cloud-init[967]: ci-info: +++++++++++++++++++++++++++Route IPv4 info++++++++++++++++++++++++++++
[   25.013570] cloud-init[967]: ci-info: +-------+-------------+----------+---------------+-----------+-------+
[   25.013762] cloud-init[967]: ci-info: | Route | Destination | Gateway  |    Genmask    | Interface | Flags |
[   25.013949] cloud-init[967]: ci-info: +-------+-------------+----------+---------------+-----------+-------+
[   25.014137] cloud-init[967]: ci-info: |   0   |   0.0.0.0   | 10.0.2.2 |    0.0.0.0    |   enp0s3  |   UG  |
[   25.014332] cloud-init[967]: ci-info: |   1   |   10.0.2.0  | 0.0.0.0  | 255.255.255.0 |   enp0s3  |   U   |
         Starting iSCSI initiator daemon (iscsid)...
[[0;32m  OK  [0m] Reached target Cloud-config availability.
[   25.018587] [cloud-init[0;32m  OK  [0m[967]: ] ci-info: +-------+-------------+----------+---------------+-----------+-------+Reached target System Initialization.

[   25.451505] [[0;32m  OK  [0m] Listening on D-Bus System Message Bus Socket.
cloud-init[967]: ci-info: +++++++++++++++++++Route IPv6 info+++++++++++++++++++
[   25.477645] [cloud-init[0;32m  OK  [0m[967]: ] ci-info: +-------+-------------+---------+-----------+-------+Started Daily apt download activities.

[   25.478718] cloud-init[967]: ci-info: | Route | Destination | Gateway | Interface | Flags |
         Starting LXD - unix socket.
[   25.647746] cloud-init[967]: ci-info: +-------+-------------+---------+-----------+-------+
[   25.668800] cloud-init[967]: ci-info: |   0   |  fe80::/64  |    ::   |   enp0s3  |   U   |
[[0;32m  OK  [0m] Started ACPI Events Check.
[[0;32m  OK  [0m] Reached target Paths.
[[0;32m  OK  [0m] Listening on UUID daemon activation socket.
         Starting Socket activation for snappy daemon.
[   25.719007] cloud-init[967]: ci-info: |   4   |   ff00::/8  |    ::   |   enp0s3  |   U   |
[[0;32m  OK  [0m] Listening on ACPID Listen Socket.
[[0;32m  OK  [0m] Started Daily Cleanup of Temporary Directories.
[   25.755365] cloud-init[967]: ci-info: +-------+-------------+---------+-----------+-------+[[0;32m  OK  [0m] Started Daily apt upgrade and clean activities.
[[0;32m  OK  [0m] Reached target Timers.

[   25.789928] cloud-init[967]: Generating public/private rsa key pair.
[   25.805872] cloud-init[967]: Your identification has been saved in /etc/ssh/ssh_host_rsa_key.[[0;32m  OK  [0m] Listening on LXD - unix socket.
[[0;32m  OK  [0m] Listening on Socket activation for snappy daemon.

[   25.888828] cloud-init[967]: Your public key has been saved in /etc/ssh/ssh_host_rsa_key.pub.
[   25.996131] cloud-init[967]: The key fingerprint is:
[   26.000348] [cloud-init[0;32m  OK  [0m[967]: ] SHA256:K1qfbd8upHSewXchKVm0TWTIg4Wm9XBU11c5dUdPuys root@ubuntu-xenialStarted iSCSI initiator daemon (iscsid).

[   26.001433] cloud-init[967]: The key's randomart image is:
[   26.126557] cloud-init[967]: +---[RSA 2048]----+
[   26.135157] cloud-init[967]: |            B++*&|
[   26.141687] cloud-init[967]: |           * *=+O|
[   26.155767] cloud-init[967]: |          + *.oo+|
         Starting Login to default iSCSI targets...
[[0;32m  OK  [0m] Reached target Sockets.
[[0;32m  OK  [0m] Reached target Basic System.
         Starting LSB: MD monitoring daemon...
         Starting Virtualbox guest utils...
         [   26.232272] cloud-init[967]: |         . o + ..|
[   26.335087] cloud-init[967]: |        S  .. ...|
[   26.335352] cloud-init[967]: |         .. = . o|
[   26.335662] cloud-init[967]: |      o .. = E o |
[   26.335857] cloud-init[967]: |     o o oo +..  |
[   26.336027] cloud-init[967]: |    .   o....oo  |
[   26.336207] cloud-init[967]: +----[SHA256]-----+
Starting Accounts Service...
[   26.342535] cloud-init[967]: Generating public/private dsa key pair.
[   26.540997] cloud-init[967]: Your identification has been saved in /etc/ssh/ssh_host_dsa_key.
[   26.557987] cloud-init[967]: Your public key has been saved in /etc/ssh/ssh_host_dsa_key.pub.
[   26.577371] cloud-init[967]: The key fingerprint is:
[   26.589594] cloud-init[967]: SHA256:Zte6pAbIbcE3D/pOTlJj8CC4gnqBB51+hOBO1o71FGY root@ubuntu-xenial
[   26.620609] cloud-init[967]: The key's randomart image is:
[   26.640143] cloud-init[967]: +---[DSA 1024]----+
[   26.677834]          cloud-initStarting Pollinate to seed the pseudo random number generator...[967]: 
|.    E           |
[[0;32m  OK  [0m] Started ACPI event daemon.
[   26.749814] cloud-init[967]: |.o.+o .          |
[   26.776139] cloud-init[967]: |.+=oooo          |[[0;32m  OK  [0m] 
Started Regular background program processing daemon.
[   26.813555] cloud-init[967]: |=++oo.o++  .     |
[   26.853476] [[0;32m  OK  [0m] Started FUSE filesystem for LXC.cloud-init[967]: |+o=o.+ +S+. .    |
[   26.889087] cloud-init[967]: |.o oo == o..     |
[   26.889274] cloud-init[967]: |. .  ..oo o      |
[   26.889450] cloud-init[967]: | .     =oo .     |
[   26.889616] cloud-init[967]: |       o+ .      |
[   26.889782] cloud-init[967]: +----[SHA256]-----+
[   26.889951] cloud-init[967]: Generating public/private ecdsa key pair.
[   26.890116] cloud-init[967]: Your identification has been saved in /etc/ssh/ssh_host_ecdsa_key.
[   26.890293] cloud-init[967]: Your public key has been saved in /etc/ssh/ssh_host_ecdsa_key.pub.
[   26.890463] cloud-init[967]: The key fingerprint is:
[   26.890648] cloud-init[967]: SHA256:3s+uiH0kxihXL8n7j3uX801F9iawHpZvt9RVykKa2Vc root@ubuntu-xenial
[   26.890822] cloud-init[967]: The key's randomart image is:
[   26.890990] cloud-init[967]: +---[ECDSA 256]---+
[   26.891162] cloud-init[967]: |                 |
[   26.891367] cloud-init[967]: |                 |
[   26.891535] cloud-init[967]: |            o   E|
[   26.891722] cloud-init[967]: |        .  * = =o|

[   26.900643] cloud-init[967]: |       =So+ B = =|
[   27.162820] cloud-init[967]: |    . o.B.oo = o+|
[   27.168078] cloud-init[967]: |     o ..=. . oo+|
         Starting Login Service...
[   27.173774] cloud-init[967]: |       o...+..=oo|
         Starting Snappy daemon...
[   27.244835] cloud-init[967]: |      . oo=*=. +o|
[   27.337091] cloud-init[967]: +----[SHA256]-----+
         Starting System Logging Service...
[   27.412395] cloud-init[967]: Generating public/private ed25519 key pair.         Starting /etc/rc.local Compatibility...

[[0;32m  OK  [0m] Started Deferred execution scheduler.
[   27.521715] [[0;32m  OK  [0m] Started D-Bus System Message Bus.
cloud-init[967]: Your identification has been saved in /etc/ssh/ssh_host_ed25519_key.
[   27.615688] cloud-init[967]: Your public key has been saved in /etc/ssh/ssh_host_ed25519_key.pub.
[   27.656742] cloud-init[967]: The key fingerprint is:
[   27.696664] cloud-init[967]: SHA256:svKbbfPQg+ZyocAd7QRWDIRkeEzKXYtUUBrnFC48ceY root@ubuntu-xenial
         Starting LSB: Record successful boot for GRUB...
         Starting LXD - container startup/shutdown...
[[0;32m  OK  [0m] Started System Logging Service.
[   27.724040] cloud-init[967]: The key's randomart image is:
[[0;32m  OK  [0m] Started /etc/rc.local Compatibility.
[   27.836502] cloud-init[967]: +--[ED25519 256]--+
[   27.862438] cloud-init[967]: |   =O*%=.        |
[   27.876660] cloud-init[967]: | ..*+#o..        |
[   27.986876] cloud-init[967]: |  o.B.Eo         |
[   28.069506] [[0;32m  OK  [0m] Started Login to default iSCSI targets.
cloud-init[967]: |     o. o        |
[   28.182787] cloud-init[967]: |   . ..+S        |
[   28.304721] cloud-init[967]: [[0;32m  OK  [0m] Started LSB: MD monitoring daemon.
|    o .ooo       |
[   28.373221] cloud-init[967]: |    ....+.o      |
[   28.417436] cloud-init[967]: |     oo=+. .     |
[   28.551029] cloud-init[967]: |      +=oo.      |
[[0;32m  OK  [0m] Started Pollinate to seed the pseudo random number generator.
[   28.662468] cloud-init[967]: +----[SHA256]-----+
[[0;32m  OK  [0m] Started LSB: Record successful boot for GRUB.
[[0;32m  OK  [0m] Started Virtualbox guest utils.
[[0;32m  OK  [0m] Started LXD - container startup/shutdown.
[[0;32m  OK  [0m] Started Snappy daemon.
[[0;32m  OK  [0m] Started Login Service.
[[0;32m  OK  [0m] Started Unattended Upgrades Shutdown.
         Starting Authenticate and Authorize Users to Run Privileged Tasks...
         Starting Wait until snapd is fully seeded...
         Starting OpenBSD Secure Shell server...
[[0;32m  OK  [0m] Reached target Remote File Systems (Pre).
[[0;32m  OK  [0m] Reached target Remote File Systems.
         Starting Permit User Sessions...
         Starting LSB: Set the CPU Frequency Scaling governor to "ondemand"...
         Starting LSB: daemon to balance interrupts for SMP systems...
         Starting LSB: automatic crash report generation...
[[0;32m  OK  [0m] Started Permit User Sessions.
[[0;32m  OK  [0m] Started Authenticate and Authorize Users to Run Privileged Tasks.
[[0;32m  OK  [0m] Started Accounts Service.
[[0;32m  OK  [0m] Started OpenBSD Secure Shell server.
         Starting Hold until boot process finishes up...
         Starting Terminate Plymouth Boot Screen...
[[0;32m  OK  [0m] Started LSB: Set the CPU Frequency Scaling governor to "ondemand".
[[0;32m  OK  [0m] Started Hold until boot process finishes up.
[[0;32m  OK  [0m] Started Terminate Plymouth Boot Screen.
[[0;32m  OK  [0m] Started LSB: automatic crash report generation.
[[0;32m  OK  [0m] Started LSB: daemon to balance interrupts for SMP systems.
[[0;32m  OK  [0m] Started Getty on tty1.
         Starting Set console scheme...
[[0;32m  OK  [0m] Started Serial Getty on ttyS0.
[[0;32m  OK  [0m] Reached target Login Prompts.
[[0;32m  OK  [0m] Started Set console scheme.
[[0;32m  OK  [0m] Created slice User Slice of vagrant.
         Starting User Manager for UID 1000...
[[0;32m  OK  [0m] Started Session 1 of user vagrant.
[[0;32m  OK  [0m] Started User Manager for UID 1000.
[[0;32m  OK  [0m] Started Wait until snapd is fully seeded.
[[0;32m  OK  [0m] Reached target Multi-User System.
[[0;32m  OK  [0m] Reached target Graphical Interface.
         Starting Update UTMP about System Runlevel Changes...
         Starting Apply the settings specified in cloud-config...
[[0;32m  OK  [0m] Started Update UTMP about System Runlevel Changes.
[   35.517567] cloud-init[1407]: Generating locales (this might take a while)...

Ubuntu 16.04.6 LTS ubuntu-xenial ttyS0

ubuntu-xenial login: [   38.017914] cloud-init[1407]:   en_US.UTF-8... done
[   38.020297] cloud-init[1407]: Generation complete.
[   39.039901] cloud-init[1407]: Cloud-init v. 19.1-1-gbaa47854-0ubuntu1~16.04.1 running 'modules:config' at Mon, 16 Sep 2019 10:27:11 +0000. Up 34.96 seconds.
ci-info: no authorized ssh keys fingerprints found for user ubuntu.
<14>Sep 16 10:27:17 ec2: 
<14>Sep 16 10:27:17 ec2: #############################################################
<14>Sep 16 10:27:17 ec2: -----BEGIN SSH HOST KEY FINGERPRINTS-----
<14>Sep 16 10:27:17 ec2: 1024 SHA256:Zte6pAbIbcE3D/pOTlJj8CC4gnqBB51+hOBO1o71FGY root@ubuntu-xenial (DSA)
<14>Sep 16 10:27:17 ec2: 256 SHA256:3s+uiH0kxihXL8n7j3uX801F9iawHpZvt9RVykKa2Vc root@ubuntu-xenial (ECDSA)
<14>Sep 16 10:27:17 ec2: 256 SHA256:svKbbfPQg+ZyocAd7QRWDIRkeEzKXYtUUBrnFC48ceY root@ubuntu-xenial (ED25519)
<14>Sep 16 10:27:17 ec2: 2048 SHA256:K1qfbd8upHSewXchKVm0TWTIg4Wm9XBU11c5dUdPuys root@ubuntu-xenial (RSA)
<14>Sep 16 10:27:17 ec2: -----END SSH HOST KEY FINGERPRINTS-----
<14>Sep 16 10:27:17 ec2: #############################################################
-----BEGIN SSH HOST KEY KEYS-----
ecdsa-sha2-nistp256 AAAAE2VjZHNhLXNoYTItbmlzdHAyNTYAAAAIbmlzdHAyNTYAAABBBInDyI7CsXz/MACYbB8jLiBdcJ+6U3Dth8ogT9N3MNr9IsehiFdFuRDT0wWRsk6eZDXuwqPhCTL0ZkN6VrAyi/0= root@ubuntu-xenial
ssh-ed25519 AAAAC3NzaC1lZDI1NTE5AAAAIHTYTJjIUj4XPEMf7hDuFHXkp7IzCYIdHYnNVH1/2r1Q root@ubuntu-xenial
ssh-rsa AAAAB3NzaC1yc2EAAAADAQABAAABAQDPp5dz9KEIFdZMFpkZ3vo3oMMX+S/2N5sm+1FwRtodufGaB2tosRsqI0AN6ChSuav1Vfo6BXmo1tGaxS5Y5SP9yMVUE+oJ0nqGD3e1AYMBi3xcnSrdRPOjZr/w9ipGQ+LlLfRN/q8iZwkLa2aAkEXZqsCgStYuIG2V5DGj4etmy46O8nBWGAzcxvR2WtKNwKs9EpK9Rh2jR/4wER4FaQ9HfR9jzgfn0sLnR4DMIViRDJEYfU95ftFzxlk9ThnM5DcJpmlXEL14YXIdNCRCzD/ye6et1PbeejbcDUIMAv38Qya3+bwwCpJTKquLoSqVk1JqtEN16IOhelCKX9njVXKv root@ubuntu-xenial
-----END SSH HOST KEY KEYS-----
[   40.726540] cloud-init[1573]: Cloud-init v. 19.[46845.674291] e1000 0000:00:08.0 enp0s8: Reset adapter
 Mon, 16 Sep 2019 10:27:17 +0000. Up 40.20 seconds.
[   40.727184] cloud-init[1573]: ci-info: no authorized ssh keys fingerprints found for user ubuntu.
[   40.727824] cloud-init[1573]: Cloud-init v. 19.1-1-gbaa47854-0ubuntu1~16.04.1 finished at Mon, 16 Sep 2019 10:27:17 +0000. Datasource DataSourceNoCloud [seed=/dev/sdb][dsmode=net].  Up 40.69 seconds
[46724.779331] e1000 0000:00:08.0 enp0s8: Reset adapter
[46824.366372] e1000 0000:00:08.0 enp0s8: Reset adapter
[46900.432042] e1000 0000:00:08.0 enp0s8: Reset adapter
[46945.475280] e1000 0000:00:08.0 enp0s8: Reset adapter
[47516.481118] e1000 0000:00:08.0 enp0s8: Reset adapter
[47614.634602] e1000 0000:00:08.0 enp0s8: Reset adapter
